 shellcode_boot_x64

 Timestamp is 633d9a00 (Wed Oct  5 22:51:44 2022)

 Preferred load address is 0000000140000000

 Start         Length     Name                   Class
 0001:00000000 00000a8fH .text$mn                CODE
 0002:00000000 00000038H .rdata                  DATA
 0002:00000038 00000018H .rdata$voltmd           DATA
 0002:00000050 00000078H .rdata$zzzdbg           DATA
 0002:000000c8 00000034H .xdata                  DATA
 0002:000000fc 00000000H .edata                  DATA
 0003:00000000 00000018H .pdata                  DATA

  Address         Publics by Value              Rva+Base               Lib:Object

 0000:00000000       __AbsoluteZero             0000000000000000     <absolute>
 0000:00000000       __arm64x_extra_rfe_table   0000000000000000     <absolute>
 0000:00000000       __arm64x_extra_rfe_table_size 0000000000000000     <absolute>
 0000:00000000       __arm64x_native_entrypoint 0000000000000000     <absolute>
 0000:00000000       __arm64x_redirection_metadata 0000000000000000     <absolute>
 0000:00000000       __arm64x_redirection_metadata_count 0000000000000000     <absolute>
 0000:00000000       __dynamic_value_reloc_table 0000000000000000     <absolute>
 0000:00000000       __enclave_config           0000000000000000     <absolute>
 0000:00000000       __guard_check_icall_a64n_fptr 0000000000000000     <absolute>
 0000:00000000       __guard_eh_cont_count      0000000000000000     <absolute>
 0000:00000000       __guard_eh_cont_table      0000000000000000     <absolute>
 0000:00000000       __guard_fids_count         0000000000000000     <absolute>
 0000:00000000       __guard_fids_table         0000000000000000     <absolute>
 0000:00000000       __guard_flags              0000000000000000     <absolute>
 0000:00000000       __guard_iat_count          0000000000000000     <absolute>
 0000:00000000       __guard_iat_table          0000000000000000     <absolute>
 0000:00000000       __guard_longjmp_count      0000000000000000     <absolute>
 0000:00000000       __guard_longjmp_table      0000000000000000     <absolute>
 0000:00000000       __hybrid_auxiliary_iat     0000000000000000     <absolute>
 0000:00000000       __hybrid_auxiliary_iat_copy 0000000000000000     <absolute>
 0000:00000000       __hybrid_code_map          0000000000000000     <absolute>
 0000:00000000       __hybrid_code_map_count    0000000000000000     <absolute>
 0000:00000000       __x64_code_ranges_to_entry_points 0000000000000000     <absolute>
 0000:00000000       __x64_code_ranges_to_entry_points_count 0000000000000000     <absolute>
 0001:00000000       LoadDLL                    0000000140001000 f   ShellcodeRDI.obj
 0001:0000097c       GetProcAddressWithHash     000000014000197c f   ShellcodeRDI.obj
 0002:00000038       __volatile_metadata        0000000140002038     <linker-defined>

 entry point at        0001:00000000

 Static symbols

 0002:000000c8       $unwind$LoadDLL            00000001400020c8     ShellcodeRDI.obj
 0002:000000e4       $unwind$GetProcAddressWithHash 00000001400020e4     ShellcodeRDI.obj
